
Command:	exit 0 0 | echo hello
bash:		[hello]
minishell:	[]

