
abc
abc 123
a /home/dustin/Projects/minishell/tests
a /home/dustin/Projects/minishell/tests b c
a /home/dustin/Projects/minishell/tests b
$
$ $
$ $
$ $
$ $
/home/dustin/Projects/minishell/tests /home/dustin/Projects/minishell/tests
lollol

/home/dustin/Projects/minishell/tests
/home/dustin/Projects/minishell/tests/home/dustin
lol
lol
lol
lol-/home/dustin/Projects/minishell/tests
lol-/home/dustin/Projects/minishell/tests,.-lol-/home/dustin/Projects/minishell/tests
lol-/home/dustin/Projects/minishell/tests,.-lol-/home/dustin/Projects/minishell/testslol-/home/dustin/Projects/minishell/tests,.-lol-/home/dustin/Projects/minishell/tests/home/dustin/Projects/minishell/tests/home/dustinlol
lol-/home/dustin/Projects/minishell/tests,.-lol-/home/dustin/Projects/minishell/testslol-/home/dustin/Projects/minishell/tests,.-lol-/home/dustin/Projects/minishell/tests/home/dustin/Projects/minishell/tests/home/dustinlol$
echo abc
