
abc
abc 123
a /home/dustin/minishell_b/tests/expansions
a /home/dustin/minishell_b/tests/expansions b c
a /home/dustin/minishell_b/tests/expansions b
$
$ $
$ $
$ $
$ $
/home/dustin/minishell_b/tests/expansions /home/dustin/minishell_b/tests/expansions
lollol

/home/dustin/minishell_b/tests/expansions
/home/dustin/minishell_b/tests/expansions/home/dustin
lol
lol
lol
lol-/home/dustin/minishell_b/tests/expansions
lol-/home/dustin/minishell_b/tests/expansions,.-lol-/home/dustin/minishell_b/tests/expansions
lol-/home/dustin/minishell_b/tests/expansions,.-lol-/home/dustin/minishell_b/tests/expansionslol-/home/dustin/minishell_b/tests/expansions,.-lol-/home/dustin/minishell_b/tests/expansions/home/dustin/minishell_b/tests/expansions/home/dustinlol
lol-/home/dustin/minishell_b/tests/expansions,.-lol-/home/dustin/minishell_b/tests/expansionslol-/home/dustin/minishell_b/tests/expansions,.-lol-/home/dustin/minishell_b/tests/expansions/home/dustin/minishell_b/tests/expansions/home/dustinlol$
echo abc
