
abc
abc 123
a /Users/alkrusts/Desktop/minishell/tests/expansions
a /Users/alkrusts/Desktop/minishell/tests/expansions b c
a /Users/alkrusts/Desktop/minishell/tests/expansions b
$
$ $
$ $
$ $
$ $
/Users/alkrusts/Desktop/minishell/tests/expansions /Users/alkrusts/Desktop/minishell/tests/expansions
lollol

/Users/alkrusts/Desktop/minishell/tests/expansions
/Users/alkrusts/Desktop/minishell/tests/expansions/Users/alkrusts
lol
lol
lol
lol-/Users/alkrusts/Desktop/minishell/tests/expansions
lol-/Users/alkrusts/Desktop/minishell/tests/expansions,.-lol-/Users/alkrusts/Desktop/minishell/tests/expansions
lol-/Users/alkrusts/Desktop/minishell/tests/expansions,.-lol-/Users/alkrusts/Desktop/minishell/tests/expansionslol-/Users/alkrusts/Desktop/minishell/tests/expansions,.-lol-/Users/alkrusts/Desktop/minishell/tests/expansions/Users/alkrusts/Desktop/minishell/tests/expansions/Users/alkrustslol
lol-/Users/alkrusts/Desktop/minishell/tests/expansions,.-lol-/Users/alkrusts/Desktop/minishell/tests/expansionslol-/Users/alkrusts/Desktop/minishell/tests/expansions,.-lol-/Users/alkrusts/Desktop/minishell/tests/expansions/Users/alkrusts/Desktop/minishell/tests/expansions/Users/alkrustslol$
echo abc
