
dustin dustin $USER
abclol/home/dustin/minishell_b/tests/echo.
abc/home/dustin/minishell_b/tests/echo
abc/home/dustin/minishell_b/tests/echo/home/dustinlol


hallo
abcd
ME
/home/dustin
"$HOME"

abc
-nABC
-n/home/dustin
-nHOME
$ a
$   a

HOME
;;;
./hello.
./hello
ello
/123dustin
234
hallo
hallo$
$/
$

how are you
$PWD
hallo daar
dustin
123dustin----
123dustin----$
abc
abc
abc
hallo$USER
$USER
hallo
dustin
hallo$
$USERdustin
123dustin----$
USERhallo
hallodustin***dustin$


###

$
hallo$abc
halloabc
hallodustinabc
dustin
dustin'

abc
abc
abc
$%%%%jlkjtwejt
%%$
hallo

poep
etet
1234
/home/dustin/minishell_b/tests/echo
-nnnh

echo
rhobebou
stop barking
bonjour
bonjour
bonjour
bonjour
bonjour
bonjour
bonjour
bonjour
-n-n bonjour
bonjour
-n -n -n-n bonjour
-n '-n' bonjour
dustin
dustin
'dustin'
 'dustin' 
textdustin
text'dustin'  $USER 
text dustin dustin
              $USER          
text dustin dustintext
dustin
dustin
dustin$USERtext oui oui oui oui dustin oui dustin 
dustin  dustin dustin  dustin  dustin -n dustin
dustindustindustin
textdustintest
$USER dustin text text
$USER
dustin  
dustinUsers/dustin/file'dustin'$USER
dustindustindustin
$USERdustin$USER
"$USER"$USERdustin
 dustin  $PWD
 dustin  $PWD
dustin=4
dustin=thallard
dustin

dustindustin=4
dustin
dustin $+9999USER $,8888USER $=7777USER
dustin
dustin dustin
dustin=12dustin
/home/dustin/minishell_b/tests/echo/file
/home/dustin/minishell_b/tests/echo/file
text textdustin ... dustin

dustin dustin 'dustin'

 
hallo 
./hello.
./hello
ello
/$123dustin
234
 hallo
hallo
$/
$

'how are you'
'/home/dustin/minishell_b/tests/echo'
hallo daar
dustin
123dustin----
123dustin----$
abc
abc
abc
'hallodustin'
'dustin'
hallo
dustin						
hallo
'dustin'dustin
123dustin----$		
$USERhallo
hallodustin***dustin
$§poep

###

halloabc				
halloabc
hallodustinabc
dustin

abc
abc
abc
$%%%%jlkjtwejt
%%
$hallo

poep	
$etet
'1234'
-n -n -n /home/dustin/minishell_b/tests/echo
-nn -nnnnnnn -n -nnnn -nnnh

rhobebou
stop barking
bonjour
bonjour
'bonjour'
-n bonjour
-nn bonjour
-n -n -n bonjour
-n -n -n bonjour
-n bonjour
-n-n bonjour
-nnnn bonjour
-n-n bonjour
-n bonjour
dustin
dustin
$USER
 $USER 
textdustin
text$USER ' dustin '
text   dustin    dustin
'              dustin          '
              text dustin            dustintext
''''''''''dustin''''''''''
dustin
dustin'dustin'text oui oui     oui  oui dustin oui      dustin ''
dustin '' dustin dustin '' dustin '' dustin -n dustin
dustindustindustin
textdustintest
'dustin' dustin text text
'dustin'
dustin  
dustinUsers/dustin/file$USER'dustin'
dustindustindustin
'dustin'dustin'dustin'
'dustin''dustin'dustin
 dustin '/home/dustin/minishell_b/tests/echo'
 dustin '/home/dustin/minishell_b/tests/echo'
dustin=4
dustin=thallard
dustin

dustindustin=4
dustin $+23456789USER 
dustin $+9999USER $,8888USER $=7777USER
dustin   
dustin    dustin
dustin=12dustin
/home/dustin/minishell_b/tests/echo/file
/home/dustin/minishell_b/tests/echo/file
text textdustin ... dustin

"$USER "$USER" dustin"
"$POEP"
"$POEP $MEERPOEP"
"hallo $POEP"
"";;;""
""./hello"."
"./hello"
"ello"
"/$"123$USER""
"234"
"$POEP hallo"
""hallo$""
"$/"
"$2$4"
"$"
"/home/dustin/minishell_b/tests/echo"
""hallo daar""
"$USER"""
"123$USER----"
"123$USER----$"
"abc$USERdef"
"abc$USER123"
"abc$POEPdef"
"hallodustin"
"dustin"
"hallo"""
""$USER"						"
""hallo$""
"dustin$USER"
"123$USER----$		"
"$"USERhallo""
""hallo$USER***$USER$2$""
""$§poep""
""$a5aap""
""$halllo###""
""$USER9582309582529""
""$"						"
"hallo"$"abc				"
"hallo"$POEP"abc"
"hallo"$USER"abc"
""$USER""
""$USER_""
""abc$USERdef""
""abc$USER123""
""abc$POEPdef""
""$%%%%jlkjtwejt""
""%%$""
"$"hallo""
"$hallo"
"$hallo"poep"	"
"$"etet""
"1234"
"-n -n -n $PWD"
"-nn -nnnnnnn -n -nnnn -nnnh"
"rhobebou"
"stop barking"
""bonjour""
"bonjour"
"bonjour"
"-n bonjour"
"-nn bonjour"
"-n -n -n bonjour"
"-n -n -n bonjour"
""-n" bonjour"
"-n"-n" bonjour"
""-nnnn" bonjour"
""-n -n -n"-n bonjour"
""-n -n" bonjour"
"$USER"
""$USER""
""dustin""
"" dustin ""
"text"$USER""
"text"dustin"  dustin "
""text"   "$USER"    "$USER""
" dustin "
"              text "$USER"            "$USER"text"
"$USER"
"""""""""$USER"""""""""
"$USERdustintext oui oui     oui  oui $USER oui      $USER "
"$USER  $USER $USER  $USER  $USER -n $USER"
""$USER""$USER""$USER""
"text"$USER"test"
"dustin "$USER" "text text""
"dustin"
"$USER " ""
""$USER""Users/$USER/file""dustin"dustin"
""$USER$USER$USER""
"dustin"$USER"dustin"
"dustindustin"""$USER""
"" $USER  "/home/dustin/minishell_b/tests/echo"
"" $USER  "/home/dustin/minishell_b/tests/echo"
"$USER=4"
"$USER=thallard"
"$USER"
"$USER213"
"$USER$USER=4$USER12"
"$USER $+23456789USER $USER123456789"
"$USER $+9999USER $,8888USER $=7777USER"
"$USER $USER9999 $USER8888 $USER7777"
"$USER $USER9999 $USER8888 $USER7777 "$USER""
""$USER=12$USER""
"$PWD/file"
""$PWD/file""
""text" "text$USER" ... "$USER""
§

>>
--||--
--<<--
-->>--
--<--
----
 test aiueo
           test      aiueo    
    test aiueo
 test aiueo  
 test;aiueo
 test; aiueo
 test ;aiueo
 test ; aiueo
 test;
 test ;
 test; 
 test|aiueo
 test| aiueo
 test |aiueo
 test | aiueo
 test|
 test |
 test| 
 test>aiueo
 test> aiueo
 test >aiueo
 test > aiueo
 test>
 test >
 test> 
 test<aiueo
 test< aiueo
 test <aiueo
 test < aiueo
 test<
 test <
 test< 
 test>>aiueo
 test>> aiueo
 test >>aiueo
 test >> aiueo
 test>>
 test >>
 test>> 
 test ;;
;;
 test ;\n\taaaaa
 
           
 -n
 -n test
'test''
'''
''' 
'' '
'' ' 
