




























































































































minishell: -c: option requires an argument
Error: No such file or directory [2]
Exiting minishell...








































































































minishell: -c: option requires an argument
Error: No such file or directory [2]
Exiting minishell...








































































































