valgrind: ./test_environ.out: No such file or directory
